**[English](README.md)** | [Italiano](README-it.md) | [Fran√ßais](README-fr.md) | *[Add](https://github.com/markdown-localization/markdown-localization-spec#workflow)* <!-- @l10n:h -->
## Example A

Here is a text of example.

### References

Some references here.
