[English](README.md) | **[Italiano](README-it.md)** | [Fran√ßais](README-fr.md) | *[Add](https://github.com/markdown-localization/markdown-localization-spec#workflow)* <!-- @l10n:h -->

<!-- @l10n:p
## Example A

Here is a text of example.
@l10n:p -->
TBD

<!-- @l10n:p
### References

Some references here.
@l10n:p -->
TBD

