**[English](README.md)** | [Italiano](README-it.md) <!-- l10n:select -->
## Example A

Here is a text of example.

### References

Some references here.
